Loading weights:   0%|          | 0/199 [00:00<?, ?it/s]Loading weights:  53%|█████▎    | 105/199 [00:00<00:00, 1045.30it/s]Loading weights: 100%|██████████| 199/199 [00:00<00:00, 1712.56it/s]
[1mBertModel LOAD REPORT[0m from: google-bert/bert-base-uncased
Key                                        | Status     |  | 
-------------------------------------------+------------+--+-
cls.predictions.transform.LayerNorm.bias   | UNEXPECTED |  | 
cls.predictions.transform.LayerNorm.weight | UNEXPECTED |  | 
cls.seq_relationship.bias                  | UNEXPECTED |  | 
cls.predictions.transform.dense.weight     | UNEXPECTED |  | 
cls.seq_relationship.weight                | UNEXPECTED |  | 
cls.predictions.transform.dense.bias       | UNEXPECTED |  | 
cls.predictions.bias                       | UNEXPECTED |  | 

[3mNotes:
- UNEXPECTED[3m	:can be ignored when loading from different task/architecture; not ok if you expect identical arch.[0m
/scratch/pioneer/users/cxv166/VisionTransformer/.venv/lib/python3.12/site-packages/webdataset/compat.py:377: UserWarning: WebDataset(shardshuffle=...) is ignored for resampled datasets
  warnings.warn("WebDataset(shardshuffle=...) is ignored for resampled datasets")
/scratch/pioneer/users/cxv166/VisionTransformer/.venv/lib/python3.12/site-packages/webdataset/compat.py:381: UserWarning: set WebDataset(shardshuffle=...) to a positive integer or 0 or False
  warnings.warn("set WebDataset(shardshuffle=...) to a positive integer or 0 or False")
/scratch/pioneer/users/cxv166/VisionTransformer/.venv/lib/python3.12/site-packages/PIL/TiffImagePlugin.py:949: UserWarning: Corrupt EXIF data.  Expecting to read 4 bytes but only got 0. 
  warnings.warn(str(msg))
/scratch/pioneer/users/cxv166/VisionTransformer/.venv/lib/python3.12/site-packages/PIL/TiffImagePlugin.py:949: UserWarning: Corrupt EXIF data.  Expecting to read 4 bytes but only got 0. 
  warnings.warn(str(msg))
/scratch/pioneer/users/cxv166/VisionTransformer/.venv/lib/python3.12/site-packages/PIL/TiffImagePlugin.py:949: UserWarning: Truncated File Read
  warnings.warn(str(msg))
/scratch/pioneer/users/cxv166/VisionTransformer/.venv/lib/python3.12/site-packages/PIL/TiffImagePlugin.py:949: UserWarning: Truncated File Read
  warnings.warn(str(msg))
/scratch/pioneer/users/cxv166/VisionTransformer/.venv/lib/python3.12/site-packages/PIL/TiffImagePlugin.py:949: UserWarning: Truncated File Read
  warnings.warn(str(msg))
/scratch/pioneer/users/cxv166/VisionTransformer/.venv/lib/python3.12/site-packages/PIL/TiffImagePlugin.py:949: UserWarning: Corrupt EXIF data.  Expecting to read 4 bytes but only got 0. 
  warnings.warn(str(msg))
[2026-03-11T21:10:19.015] error: *** JOB 3203275 ON gput072 CANCELLED AT 2026-03-11T21:10:19 DUE TO TIME LIMIT ***
